// Jest Snapshot v1, https://goo.gl/fbAQLP

exports[`Header renders correctly 1`] = `
<header>
  <div
    className="headingStyles"
  >
    <h1>
       Christopher Dreyer
    </h1>
    <h3>
      Professor of Practice, Mechanical Engineering
    </h3>
  </div>
  <nav
    className="linkStyles"
  >
    <div
      className="burger"
    >
      <button
        aria-label="hamburgerMenu"
        onClick={[Function]}
      >
        <svg
          height="32px"
          id="Layer_1"
          version="1.1"
          viewBox="0 0 32 32"
          width="32px"
        >
          <path
            d="M4,10h24c1.104,0,2-0.896,2-2s-0.896-2-2-2H4C2.896,6,2,6.896,2,8S2.896,10,4,10z M28,14H4c-1.104,0-2,0.896-2,2  s0.896,2,2,2h24c1.104,0,2-0.896,2-2S29.104,14,28,14z M28,22H4c-1.104,0-2,0.896-2,2s0.896,2,2,2h24c1.104,0,2-0.896,2-2 S29.104,22,28,22z"
          />
        </svg>
      </button>
       
    </div>
    <ul
      className="links"
    >
      <a
        className="aLinks"
        href="/"
        id="home"
      >
        Home
      </a>
      <a
        className="aLinks"
        href="/bio"
        id="bio"
      >
        Bio
      </a>
      <a
        className="aLinks"
        href="/publications"
        id="pub"
      >
        Publications
      </a>
      <a
        className="aLinks"
        href="/students"
        id="stu"
      >
        Students
      </a>
    </ul>
  </nav>
</header>
`;
